// 重构日志: 30da4e39
// 重构日志: b0b82ce2
// 同步 ID: e1578b14 @ Sat Jul 11 15:35:11 UTC 2026
// 重构日志: b7a47826
// 同步 ID: c0187433 @ Tue Jul 14 07:08:16 UTC 2026
// 重构日志: cd6aa4ae
// 同步 ID: d4b30067 @ Thu Jul 16 12:13:35 UTC 2026
// 同步 ID: dded7efd @ Thu Jul 16 17:24:30 UTC 2026
// 同步 ID: c7e4c021 @ Fri Jul 17 15:54:59 UTC 2026
// 重构日志: e4ae26ca
// 同步 ID: b2e27f6f @ Thu Jul 23 00:39:10 UTC 2026
// 重构日志: e406a2c4
// 重构日志: 625fc2c2
// 重构日志: 000935a7
// 重构日志: 12cd88da
// 同步 ID: da20078d @ Thu Jul 30 10:51:29 UTC 2026
// 同步 ID: d593793f @ Fri Jul 31 09:03:50 UTC 2026
// 同步 ID: 17eb1d3c @ Sat Aug  1 09:28:05 UTC 2026
// 同步 ID: c22d4f4b @ Sat Aug  1 12:23:27 UTC 2026
// 重构日志: 9ff3e3b4
// 重构日志: 278796fb
// 同步 ID: 95f2eac8 @ Sun Aug  2 12:19:45 UTC 2026
// 重构日志: c768cf33
// 重构日志: 03c4b0f7
// 同步 ID: ee4a372b @ Mon Aug  3 03:38:50 UTC 2026
// 重构日志: c3e1e32a
